.git
.gitignore
.github
.editorconfig
.eslintignore
.prettierignore
backup
backups
design_*
deployment/hostinger/artifacts
deployment/db-backups
node_modules
vendor
.env
.env.encrypted
public/hot
public/storage
storage/app/public/*
storage/framework/cache/*
storage/framework/sessions/*
storage/framework/views/*
storage/logs/*
bootstrap/cache/*
tests
*.log
*.sql
*.zip
*.tar
*.tar.gz
*.xlsx
*.csv
*.ps1
*.py
*.txt
!resources/lang/**/*.txt
*.md
!README.md
!INSTALLATION.md
PROJECT_ANALYSIS_REPORT.md
SYSTEM_AUDIT_REPORT.md
audit_system.php
test_*.php
detect_*.php
scan_ports.php
probe_udp.php
final_payroll_gen.php
tmp_*.php
deployment_trigger.log
all_routes.txt
routes.txt
routes_clean.txt
schema.txt
schema_utf8.txt
diff_*.txt
error.txt
seed_out.txt
seeder_error.txt
*out.txt
required_fields*.txt
hrx_clean_final.tar.gz
research_*.php
check_*.php
create_*.php
*.mjs
*.mjs.map
resources/assets
resources/css
resources/js
package.json
package-lock.json
vite.config.js
postcss.config.js
.agent
.agents
brain
antigravity
scratch
PROJECT_SECURITY_AUDIT.txt
HRX_Conversation_Bible.pdf
HRX_Full_Product_Build.pdf
SYSTEM_AUDIT_REPORT.md
README.md
INSTALLATION.md
SETUP_GUIDE.md
SETUP_GUIDE.html
