.git
.gitignore
.github
.editorconfig
.eslintignore
.prettierignore
backup
backups
design_*
deployment/hostinger/artifacts
deployment/db-backups
node_modules
vendor
.env
.env.encrypted
public/hot
public/storage
storage/app/public/*
storage/framework/cache/*
storage/framework/sessions/*
storage/framework/views/*
storage/logs/*
bootstrap/cache/*
tests
*.log
*.sql
*.zip
*.tar
*.tar.gz
*.xlsx
*.csv
*.ps1
*.bat
*.py
*.txt
!resources/lang/**/*.txt
*.md
!README.md
!INSTALLATION.md
PROJECT_ANALYSIS_REPORT.md
SYSTEM_AUDIT_REPORT.md
audit_system.php
test_*.php
detect_*.php
scan_ports.php
probe_udp.php
final_payroll_gen.php
tmp_*.php
deployment_trigger.log
all_routes.txt
routes.txt
routes_clean.txt
schema.txt
schema_utf8.txt
diff_*.txt
error.txt
seed_out.txt
seeder_error.txt
*out.txt
required_fields*.txt
hrx_clean_final.tar.gz
research_*.php
check_*.php
create_*.php
patch_*.php
assign_*.php
audit_*.php
diag_*.php
dump_*.php
fix_*.php
get_*.php
gen_*.php
list_*.php
update_*.php
merge_*.php
import_*.php
export_*.php
insert_*.php
inspect_*.php
revoke_*.php
send_test_*.php
seed_*.php
remote_*.php
delete_*.php
brain_*.php
add_temp_*.php
r2_check.php
implode('
public/test_db.php
public/debug_connection.php
public/debug_connection.txt
*.mjs
*.mjs.map
resources/assets
resources/css
resources/js
package.json
package-lock.json
vite.config.js
postcss.config.js
.agent
.agents
brain
antigravity
scratch
PROJECT_SECURITY_AUDIT.txt
HRX_Conversation_Bible.pdf
HRX_Full_Product_Build.pdf
SYSTEM_AUDIT_REPORT.md
README.md
INSTALLATION.md
SETUP_GUIDE.md
SETUP_GUIDE.html
